Plytki sa przygotowane, pomieszane w worku
 dobieranie plytki. Jest to : red10
 dobieranie plytki. Jest to : red13
 dobieranie plytki. Jest to : blue6
 dobieranie plytki. Jest to : blue11
 dobieranie plytki. Jest to : red5
 dobieranie plytki. Jest to : red6
 dobieranie plytki. Jest to : yellow6
 dobieranie plytki. Jest to : red2
 dobieranie plytki. Jest to : black1
 dobieranie plytki. Jest to : black4
 dobieranie plytki. Jest to : red11
 dobieranie plytki. Jest to : black12
 dobieranie plytki. Jest to : black9
 dobieranie plytki. Jest to : red12
 dobieranie plytki. Jest to : black1
 dobieranie plytki. Jest to : blue12
 dobieranie plytki. Jest to : red8
 dobieranie plytki. Jest to : yellow2
 dobieranie plytki. Jest to : red4
 dobieranie plytki. Jest to : red3
 dobieranie plytki. Jest to : black10
 dobieranie plytki. Jest to : red3
 dobieranie plytki. Jest to : red4
 dobieranie plytki. Jest to : yellow3
 dobieranie plytki. Jest to : red8
 dobieranie plytki. Jest to : blue1
 dobieranie plytki. Jest to : red1
 dobieranie plytki. Jest to : black5
 dobieranie plytki. Jest to : red6
 dobieranie plytki. Jest to : black12
 dobieranie plytki. Jest to : red11
 dobieranie plytki. Jest to : yellow5
 dobieranie plytki. Jest to : blue3
 dobieranie plytki. Jest to : blue11
 dobieranie plytki. Jest to : yellow7
 dobieranie plytki. Jest to : blue2
 dobieranie plytki. Jest to : blue6
 dobieranie plytki. Jest to : blue5
 dobieranie plytki. Jest to : black8
 dobieranie plytki. Jest to : blue12
 dobieranie plytki. Jest to : yellow11
 dobieranie plytki. Jest to : yellow2
 dobieranie plytki. Jest to : blue10
 dobieranie plytki. Jest to : blue9
 dobieranie plytki. Jest to : red10
 dobieranie plytki. Jest to : yellow4
 dobieranie plytki. Jest to : yellow13
 dobieranie plytki. Jest to : blue13
 dobieranie plytki. Jest to : yellow8
 dobieranie plytki. Jest to : yellow1
 dobieranie plytki. Jest to : blue4
 dobieranie plytki. Jest to : yellow10
 dobieranie plytki. Jest to : black3
 dobieranie plytki. Jest to : black10
 dobieranie plytki. Jest to : black2
 dobieranie plytki. Jest to : blue3
 dobieranie plytki. Jest to : yellow7
 dobieranie plytki. Jest to : black6
 dobieranie plytki. Jest to : blue8
 dobieranie plytki. Jest to : yellow9
Opcja 1False
Opcja 2True
Gracz 2 dobiera plytke. To:  red1
Opcja 1False
Opcja 2True
Opcja 1False
Opcja 2False
Nie mozna wykonac takiego ruchu !
Opcja 1False
Opcja 2True
Gracz 3 dobiera plytke. To:  red13
Opcja 1False
Opcja 2True
Opcja 1False
Opcja 2True
Gracz 4 dobiera plytke. To:  black11
Opcja 1False
Opcja 2True
Opcja 1False
Opcja 2True
Opcja 1False
Opcja 2True
Gracz 1 dobiera plytke. To:  black8
Opcja 1False
Opcja 2True
Opcja 1False
Opcja 2True
Opcja 1False
Opcja 2True
Gracz 2 dobiera plytke. To:  black7
Opcja 1False
Opcja 2True
Opcja 1False
Opcja 2True
Opcja 1False
Opcja 2True
Opcja 1False
Opcja 2True
Opcja 1False
Opcja 2True
Opcja 1False
Opcja 2True
Opcja 1False
Opcja 2True
Opcja 1False
Opcja 2True
Opcja 1False
Opcja 2True
Opcja 1False
Opcja 2True
Opcja 1False
Opcja 2True
Opcja 1False
Opcja 2True
Gracz 2 dobiera plytke. To:  red12
Opcja 1False
Opcja 2True
Opcja 1False
Opcja 2True
Opcja 1False
Opcja 2True
Opcja 1True
Opcja 2False
Opcja 1False
Opcja 2True
Opcja 1False
Opcja 2True
Opcja 1False
Opcja 2True
Opcja 1True
Opcja 2False
Gracz 4 dobiera plytke. To:  black7
Opcja 1False
Opcja 2True
Opcja 1False
Opcja 2True
Opcja 1False
Opcja 2True
Opcja 1True
Opcja 2False
Opcja 1False
Opcja 2True
Opcja 1False
Opcja 2True
Opcja 1False
Opcja 2True
Opcja 1False
Opcja 2True
Opcja 1True
Opcja 2False
Gracz 2 dobiera plytke. To:  blue2
Opcja 1False
Opcja 2True
Opcja 1False
Opcja 2True
Opcja 1False
Opcja 2True
Opcja 1False
Opcja 2True
Opcja 1True
Opcja 2False
Gracz 3 dobiera plytke. To:  red5
Opcja 1False
Opcja 2True
Opcja 1False
Opcja 2True
Opcja 1False
Opcja 2True
Opcja 1False
Opcja 2True
Opcja 1True
Opcja 2False
Opcja 1True
Opcja 2False
Gracz 4 dobiera plytke. To:  red9
Opcja 1False
Opcja 2True
Opcja 1False
Opcja 2True
Opcja 1False
Opcja 2True
Opcja 1False
Opcja 2True
Opcja 1True
Opcja 2False
Opcja 1True
Opcja 2False
Opcja 1False
Opcja 2True
Opcja 1True
Opcja 2False
Opcja 1False
Opcja 2True
Opcja 1False
Opcja 2True
Opcja 1False
Opcja 2True
Opcja 1True
Opcja 2False
Opcja 1True
Opcja 2False
Opcja 1False
Opcja 2True
Opcja 1True
Opcja 2False
Opcja 1False
Opcja 2True
Opcja 1False
Opcja 2True
Opcja 1False
Opcja 2True
Opcja 1True
Opcja 2False
Opcja 1True
Opcja 2False
Opcja 1False
Opcja 2True
Opcja 1False
Opcja 2True
Opcja 1True
Opcja 2False
Opcja 1False
Opcja 2True
Opcja 1False
Opcja 2True
Opcja 1False
Opcja 2True
Opcja 1False
Opcja 2True
Opcja 1True
Opcja 2False
Opcja 1True
Opcja 2False
Opcja 1False
Opcja 2True
Gracz 4 dobiera plytke. To:  black5
Opcja 1False
Opcja 2True
Opcja 1True
Opcja 2False
Opcja 1False
Opcja 2True
Opcja 1False
Opcja 2True
Opcja 1False
Opcja 2True
Opcja 1False
Opcja 2True
Opcja 1False
Opcja 2True
Opcja 1True
Opcja 2False
Opcja 1True
Opcja 2False
Opcja 1False
Opcja 2True
Opcja 1False
Opcja 2True
Opcja 1True
Opcja 2False
Opcja 1False
Opcja 2True
Opcja 1False
Opcja 2True
Opcja 1False
Opcja 2True
Opcja 1False
Opcja 2True
Opcja 1False
Opcja 2True
Opcja 1True
Opcja 2False
Opcja 1True
Opcja 2False
Opcja 1False
Opcja 2True
Opcja 1False
Opcja 2True
Opcja 1True
Opcja 2False
Opcja 1False
Opcja 2True
Opcja 1False
Opcja 2True
Opcja 1False
Opcja 2True
Opcja 1False
Opcja 2True
Opcja 1False
Opcja 2True
Opcja 1False
Opcja 2True
Opcja 1True
Opcja 2False
Opcja 1True
Opcja 2False
Opcja 1False
Opcja 2True
Opcja 1False
Opcja 2True
Opcja 1True
Opcja 2False
Opcja 1False
Opcja 2True
Opcja 1False
Opcja 2True
Opcja 1False
Opcja 2True
Opcja 1False
Opcja 2True
Opcja 1False
Opcja 2True
Opcja 1False
Opcja 2True
Opcja 1True
Opcja 2False
Opcja 1True
Opcja 2False
Opcja 1False
Opcja 2True
Opcja 1False
Opcja 2True
Opcja 1True
Opcja 2False
Opcja 1False
Opcja 2True
Opcja 1False
Opcja 2True
Opcja 1False
Opcja 2True
Opcja 1False
Opcja 2True
Opcja 1False
Opcja 2True
Opcja 1False
Opcja 2True
Opcja 1True
Opcja 2False
Opcja 1True
Opcja 2False
Opcja 1False
Opcja 2True
Opcja 1False
Opcja 2True
Opcja 1True
Opcja 2False
Opcja 1False
Opcja 2True
Opcja 1False
Opcja 2True
Opcja 1False
Opcja 2True
Opcja 1False
Opcja 2True
Opcja 1False
Opcja 2True
Opcja 1False
Opcja 2True
Opcja 1True
Opcja 2False
Opcja 1True
Opcja 2False
Opcja 1False
Opcja 2True
Opcja 1False
Opcja 2True
Opcja 1True
Opcja 2False
Opcja 1False
Opcja 2True
Opcja 1False
Opcja 2True
Opcja 1False
Opcja 2True
Opcja 1False
Opcja 2True
Opcja 1False
Opcja 2True
Opcja 1False
Opcja 2True
Opcja 1True
Opcja 2False
Opcja 1True
Opcja 2False
Opcja 1False
Opcja 2True
Gracz 3 dobiera plytke. To:  yellow10
Opcja 1False
Opcja 2True
Opcja 1True
Opcja 2False
Opcja 1False
Opcja 2True
Opcja 1False
Opcja 2True
Opcja 1False
Opcja 2True
Opcja 1False
Opcja 2True
Opcja 1False
Opcja 2True
Opcja 1False
Opcja 2True
Opcja 1True
Opcja 2False
Opcja 1True
Opcja 2False
Opcja 1False
Opcja 2True
Gracz 4 dobiera plytke. To:  black3
Opcja 1False
Opcja 2True
Opcja 1True
Opcja 2False
Opcja 1False
Opcja 2True
Opcja 1False
Opcja 2True
Opcja 1False
Opcja 2True
Opcja 1False
Opcja 2True
Opcja 1False
Opcja 2True
Opcja 1False
Opcja 2True
Opcja 1True
Opcja 2False
Opcja 1True
Opcja 2False
Opcja 1False
Opcja 2True
Gracz 1 dobiera plytke. To:  yellow12
Opcja 1False
Opcja 2True
Opcja 1True
Opcja 2False
Opcja 1False
Opcja 2True
Opcja 1False
Opcja 2True
Opcja 1False
Opcja 2True
Opcja 1False
Opcja 2True
Opcja 1False
Opcja 2True
Opcja 1False
Opcja 2True
Opcja 1True
Opcja 2False
Opcja 1True
Opcja 2False
Opcja 1False
Opcja 2True
Opcja 1False
Opcja 2True
Opcja 1True
Opcja 2False
Opcja 1False
Opcja 2True
Opcja 1False
Opcja 2True
Opcja 1False
Opcja 2True
Opcja 1False
Opcja 2True
Opcja 1False
Opcja 2True
Opcja 1False
Opcja 2True
Opcja 1True
Opcja 2False
Opcja 1True
Opcja 2False
Opcja 1False
Opcja 2True
Opcja 1False
Opcja 2True
Opcja 1False
Opcja 2True
Opcja 1True
Opcja 2False
Opcja 1False
Opcja 2True
Opcja 1False
Opcja 2True
Opcja 1False
Opcja 2True
Opcja 1False
Opcja 2True
Opcja 1False
Opcja 2True
Opcja 1False
Opcja 2True
Opcja 1True
Opcja 2False
Opcja 1True
Opcja 2False
Opcja 1False
Opcja 2True
Opcja 1False
Opcja 2True
Gracz 4 dobiera plytke. To:  black2
Opcja 1False
Opcja 2True
Opcja 1True
Opcja 2False
Opcja 1False
Opcja 2True
Opcja 1False
Opcja 2True
Opcja 1False
Opcja 2True
Opcja 1False
Opcja 2True
Opcja 1False
Opcja 2True
Opcja 1False
Opcja 2True
Opcja 1True
Opcja 2False
Opcja 1True
Opcja 2False
Opcja 1False
Opcja 2True
Opcja 1False
Opcja 2True
Opcja 1False
Opcja 2True
Opcja 1True
Opcja 2False
Opcja 1False
Opcja 2True
Opcja 1False
Opcja 2True
Opcja 1False
Opcja 2True
Opcja 1False
Opcja 2True
Opcja 1False
Opcja 2True
Opcja 1True
Opcja 2False
Opcja 1False
Opcja 2True
Opcja 1True
Opcja 2False
Opcja 1False
Opcja 2True
Opcja 1False
Opcja 2True
Opcja 1False
Opcja 2True
Opcja 1True
Opcja 2False
Opcja 1False
Opcja 2True
Opcja 1False
Opcja 2True
Opcja 1False
Opcja 2True
Opcja 1False
Opcja 2True
Opcja 1False
Opcja 2True
Opcja 1True
Opcja 2False
Opcja 1False
Opcja 2True
Opcja 1True
Opcja 2False
Opcja 1True
Opcja 2False
Opcja 1False
Opcja 2True
Opcja 1False
Opcja 2True
Gracz 3 dobiera plytke. To:  blue10
Opcja 1False
Opcja 2True
Opcja 1True
Opcja 2False
Opcja 1False
Opcja 2True
Opcja 1True
Opcja 2False
Opcja 1False
Opcja 2True
Opcja 1False
Opcja 2True
Opcja 1False
Opcja 2True
Opcja 1False
Opcja 2True
Opcja 1True
Opcja 2False
Opcja 1False
Opcja 2True
Opcja 1True
Opcja 2False
Opcja 1True
Opcja 2False
Opcja 1False
Opcja 2True
Opcja 1False
Opcja 2True
Gracz 4 dobiera plytke. To:  red2
Opcja 1False
Opcja 2True
Opcja 1True
Opcja 2False
Opcja 1False
Opcja 2True
Opcja 1True
Opcja 2False
Opcja 1False
Opcja 2True
Opcja 1False
Opcja 2True
Opcja 1False
Opcja 2True
Opcja 1False
Opcja 2True
Opcja 1True
Opcja 2False
Opcja 1False
Opcja 2True
Opcja 1True
Opcja 2False
Opcja 1True
Opcja 2False
Opcja 1False
Opcja 2True
Opcja 1False
Opcja 2True
Koniec gry. Zwyciezyl gracz 1
